Archive member included to satisfy reference by file (symbol)

c:/users/elanur/stm32cubeide_1.10.1/stm32cubeide/plugins/com.st.stm32cube.ide.mcu.externaltools.gnu-tools-for-stm32.10.3-2021.10.win32_1.0.0.202111181127/tools/bin/../lib/gcc/arm-none-eabi/10.3.1/../../../../arm-none-eabi/lib/thumb/v6-m/nofp\libc_nano.a(lib_a-errno.o)
                              ./Core/Src/syscalls.o (__errno)
c:/users/elanur/stm32cubeide_1.10.1/stm32cubeide/plugins/com.st.stm32cube.ide.mcu.externaltools.gnu-tools-for-stm32.10.3-2021.10.win32_1.0.0.202111181127/tools/bin/../lib/gcc/arm-none-eabi/10.3.1/../../../../arm-none-eabi/lib/thumb/v6-m/nofp\libc_nano.a(lib_a-exit.o)
                              c:/users/elanur/stm32cubeide_1.10.1/stm32cubeide/plugins/com.st.stm32cube.ide.mcu.externaltools.gnu-tools-for-stm32.10.3-2021.10.win32_1.0.0.202111181127/tools/bin/../lib/gcc/arm-none-eabi/10.3.1/../../../../arm-none-eabi/lib/thumb/v6-m/nofp/crt0.o (exit)
c:/users/elanur/stm32cubeide_1.10.1/stm32cubeide/plugins/com.st.stm32cube.ide.mcu.externaltools.gnu-tools-for-stm32.10.3-2021.10.win32_1.0.0.202111181127/tools/bin/../lib/gcc/arm-none-eabi/10.3.1/../../../../arm-none-eabi/lib/thumb/v6-m/nofp\libc_nano.a(lib_a-impure.o)
                              c:/users/elanur/stm32cubeide_1.10.1/stm32cubeide/plugins/com.st.stm32cube.ide.mcu.externaltools.gnu-tools-for-stm32.10.3-2021.10.win32_1.0.0.202111181127/tools/bin/../lib/gcc/arm-none-eabi/10.3.1/../../../../arm-none-eabi/lib/thumb/v6-m/nofp\libc_nano.a(lib_a-exit.o) (_global_impure_ptr)
c:/users/elanur/stm32cubeide_1.10.1/stm32cubeide/plugins/com.st.stm32cube.ide.mcu.externaltools.gnu-tools-for-stm32.10.3-2021.10.win32_1.0.0.202111181127/tools/bin/../lib/gcc/arm-none-eabi/10.3.1/../../../../arm-none-eabi/lib/thumb/v6-m/nofp\libc_nano.a(lib_a-init.o)
                              c:/users/elanur/stm32cubeide_1.10.1/stm32cubeide/plugins/com.st.stm32cube.ide.mcu.externaltools.gnu-tools-for-stm32.10.3-2021.10.win32_1.0.0.202111181127/tools/bin/../lib/gcc/arm-none-eabi/10.3.1/../../../../arm-none-eabi/lib/thumb/v6-m/nofp/crt0.o (__libc_init_array)
c:/users/elanur/stm32cubeide_1.10.1/stm32cubeide/plugins/com.st.stm32cube.ide.mcu.externaltools.gnu-tools-for-stm32.10.3-2021.10.win32_1.0.0.202111181127/tools/bin/../lib/gcc/arm-none-eabi/10.3.1/../../../../arm-none-eabi/lib/thumb/v6-m/nofp\libc_nano.a(lib_a-memset.o)
                              c:/users/elanur/stm32cubeide_1.10.1/stm32cubeide/plugins/com.st.stm32cube.ide.mcu.externaltools.gnu-tools-for-stm32.10.3-2021.10.win32_1.0.0.202111181127/tools/bin/../lib/gcc/arm-none-eabi/10.3.1/../../../../arm-none-eabi/lib/thumb/v6-m/nofp/crt0.o (memset)
c:/users/elanur/stm32cubeide_1.10.1/stm32cubeide/plugins/com.st.stm32cube.ide.mcu.externaltools.gnu-tools-for-stm32.10.3-2021.10.win32_1.0.0.202111181127/tools/bin/../lib/gcc/arm-none-eabi/10.3.1/thumb/v6-m/nofp\libgcc.a(_udivsi3.o)
                              ./Core/Src/system_stm32f0xx.o (__aeabi_uidiv)
c:/users/elanur/stm32cubeide_1.10.1/stm32cubeide/plugins/com.st.stm32cube.ide.mcu.externaltools.gnu-tools-for-stm32.10.3-2021.10.win32_1.0.0.202111181127/tools/bin/../lib/gcc/arm-none-eabi/10.3.1/thumb/v6-m/nofp\libgcc.a(_dvmd_tls.o)
                              c:/users/elanur/stm32cubeide_1.10.1/stm32cubeide/plugins/com.st.stm32cube.ide.mcu.externaltools.gnu-tools-for-stm32.10.3-2021.10.win32_1.0.0.202111181127/tools/bin/../lib/gcc/arm-none-eabi/10.3.1/thumb/v6-m/nofp\libgcc.a(_udivsi3.o) (__aeabi_idiv0)

Discarded input sections

 .text          0x0000000000000000        0x0 c:/users/elanur/stm32cubeide_1.10.1/stm32cubeide/plugins/com.st.stm32cube.ide.mcu.externaltools.gnu-tools-for-stm32.10.3-2021.10.win32_1.0.0.202111181127/tools/bin/../lib/gcc/arm-none-eabi/10.3.1/thumb/v6-m/nofp/crti.o
 .data          0x0000000000000000        0x0 c:/users/elanur/stm32cubeide_1.10.1/stm32cubeide/plugins/com.st.stm32cube.ide.mcu.externaltools.gnu-tools-for-stm32.10.3-2021.10.win32_1.0.0.202111181127/tools/bin/../lib/gcc/arm-none-eabi/10.3.1/thumb/v6-m/nofp/crti.o
 .bss           0x0000000000000000        0x0 c:/users/elanur/stm32cubeide_1.10.1/stm32cubeide/plugins/com.st.stm32cube.ide.mcu.externaltools.gnu-tools-for-stm32.10.3-2021.10.win32_1.0.0.202111181127/tools/bin/../lib/gcc/arm-none-eabi/10.3.1/thumb/v6-m/nofp/crti.o
 .data          0x0000000000000000        0x4 c:/users/elanur/stm32cubeide_1.10.1/stm32cubeide/plugins/com.st.stm32cube.ide.mcu.externaltools.gnu-tools-for-stm32.10.3-2021.10.win32_1.0.0.202111181127/tools/bin/../lib/gcc/arm-none-eabi/10.3.1/thumb/v6-m/nofp/crtbegin.o
 .rodata        0x0000000000000000       0x24 c:/users/elanur/stm32cubeide_1.10.1/stm32cubeide/plugins/com.st.stm32cube.ide.mcu.externaltools.gnu-tools-for-stm32.10.3-2021.10.win32_1.0.0.202111181127/tools/bin/../lib/gcc/arm-none-eabi/10.3.1/thumb/v6-m/nofp/crtbegin.o
[...]
Memory Configuration

Name             Origin             Length             Attributes
RAM              0x0000000020000000 0x0000000000004000 xrw
FLASH            0x0000000008000000 0x0000000000020000 xr
*default*        0x0000000000000000 0xffffffffffffffff

Linker script and memory map

LOAD c:/users/elanur/stm32cubeide_1.10.1/stm32cubeide/plugins/com.st.stm32cube.ide.mcu.externaltools.gnu-tools-for-stm32.10.3-2021.10.win32_1.0.0.202111181127/tools/bin/../lib/gcc/arm-none-eabi/10.3.1/thumb/v6-m/nofp/crti.o
LOAD c:/users/elanur/stm32cubeide_1.10.1/stm32cubeide/plugins/com.st.stm32cube.ide.mcu.externaltools.gnu-tools-for-stm32.10.3-2021.10.win32_1.0.0.202111181127/tools/bin/../lib/gcc/arm-none-eabi/10.3.1/thumb/v6-m/nofp/crtbegin.o
LOAD c:/users/elanur/stm32cubeide_1.10.1/stm32cubeide/plugins/com.st.stm32cube.ide.mcu.externaltools.gnu-tools-for-stm32.10.3-2021.10.win32_1.0.0.202111181127/tools/bin/../lib/gcc/arm-none-eabi/10.3.1/../../../../arm-none-eabi/lib/thumb/v6-m/nofp/crt0.o
LOAD ./Core/Src/A01NYUB.o
LOAD ./Core/Src/main.o
LOAD ./Core/Src/stm32f0xx_hal_msp.o
LOAD ./Core/Src/stm32f0xx_it.o
LOAD ./Core/Src/syscalls.o
LOAD ./Core/Src/sysmem.o
LOAD ./Core/Src/system_stm32f0xx.o
LOAD ./Core/Startup/startup_stm32f070rbtx.o
LOAD ./Drivers/STM32F0xx_HAL_Driver/Src/stm32f0xx_hal.o
LOAD ./Drivers/STM32F0xx_HAL_Driver/Src/stm32f0xx_hal_cortex.o
LOAD ./Drivers/STM32F0xx_HAL_Driver/Src/stm32f0xx_hal_dma.o
LOAD ./Drivers/STM32F0xx_HAL_Driver/Src/stm32f0xx_hal_exti.o
LOAD ./Drivers/STM32F0xx_HAL_Driver/Src/stm32f0xx_hal_flash.o
LOAD ./Drivers/STM32F0xx_HAL_Driver/Src/stm32f0xx_hal_flash_ex.o
LOAD ./Drivers/STM32F0xx_HAL_Driver/Src/stm32f0xx_hal_gpio.o
LOAD ./Drivers/STM32F0xx_HAL_Driver/Src/stm32f0xx_hal_i2c.o
LOAD ./Drivers/STM32F0xx_HAL_Driver/Src/stm32f0xx_hal_i2c_ex.o
LOAD ./Drivers/STM32F0xx_HAL_Driver/Src/stm32f0xx_hal_pwr.o
LOAD ./Drivers/STM32F0xx_HAL_Driver/Src/stm32f0xx_hal_pwr_ex.o
LOAD ./Drivers/STM32F0xx_HAL_Driver/Src/stm32f0xx_hal_rcc.o
LOAD ./Drivers/STM32F0xx_HAL_Driver/Src/stm32f0xx_hal_rcc_ex.o
LOAD ./Drivers/STM32F0xx_HAL_Driver/Src/stm32f0xx_hal_uart.o
LOAD ./Drivers/STM32F0xx_HAL_Driver/Src/stm32f0xx_hal_uart_ex.o
START GROUP
LOAD c:/users/elanur/stm32cubeide_1.10.1/stm32cubeide/plugins/com.st.stm32cube.ide.mcu.externaltools.gnu-tools-for-stm32.10.3-2021.10.win32_1.0.0.202111181127/tools/bin/../lib/gcc/arm-none-eabi/10.3.1/../../../../arm-none-eabi/lib/thumb/v6-m/nofp\libc_nano.a
LOAD c:/users/elanur/stm32cubeide_1.10.1/stm32cubeide/plugins/com.st.stm32cube.ide.mcu.externaltools.gnu-tools-for-stm32.10.3-2021.10.win32_1.0.0.202111181127/tools/bin/../lib/gcc/arm-none-eabi/10.3.1/../../../../arm-none-eabi/lib/thumb/v6-m/nofp\libm.a
END GROUP
START GROUP
LOAD c:/users/elanur/stm32cubeide_1.10.1/stm32cubeide/plugins/com.st.stm32cube.ide.mcu.externaltools.gnu-tools-for-stm32.10.3-2021.10.win32_1.0.0.202111181127/tools/bin/../lib/gcc/arm-none-eabi/10.3.1/thumb/v6-m/nofp\libgcc.a
LOAD c:/users/elanur/stm32cubeide_1.10.1/stm32cubeide/plugins/com.st.stm32cube.ide.mcu.externaltools.gnu-tools-for-stm32.10.3-2021.10.win32_1.0.0.202111181127/tools/bin/../lib/gcc/arm-none-eabi/10.3.1/../../../../arm-none-eabi/lib/thumb/v6-m/nofp\libc_nano.a
END GROUP
START GROUP
LOAD c:/users/elanur/stm32cubeide_1.10.1/stm32cubeide/plugins/com.st.stm32cube.ide.mcu.externaltools.gnu-tools-for-stm32.10.3-2021.10.win32_1.0.0.202111181127/tools/bin/../lib/gcc/arm-none-eabi/10.3.1/thumb/v6-m/nofp\libgcc.a
LOAD c:/users/elanur/stm32cubeide_1.10.1/stm32cubeide/plugins/com.st.stm32cube.ide.mcu.externaltools.gnu-tools-for-stm32.10.3-2021.10.win32_1.0.0.202111181127/tools/bin/../lib/gcc/arm-none-eabi/10.3.1/../../../../arm-none-eabi/lib/thumb/v6-m/nofp\libc_nano.a
LOAD c:/users/elanur/stm32cubeide_1.10.1/stm32cubeide/plugins/com.st.stm32cube.ide.mcu.externaltools.gnu-tools-for-stm32.10.3-2021.10.win32_1.0.0.202111181127/tools/bin/../lib/gcc/arm-none-eabi/10.3.1/../../../../arm-none-eabi/lib/thumb/v6-m/nofp\libnosys.a
END GROUP
START GROUP
LOAD c:/users/elanur/stm32cubeide_1.10.1/stm32cubeide/plugins/com.st.stm32cube.ide.mcu.externaltools.gnu-tools-for-stm32.10.3-2021.10.win32_1.0.0.202111181127/tools/bin/../lib/gcc/arm-none-eabi/10.3.1/thumb/v6-m/nofp\libgcc.a
LOAD c:/users/elanur/stm32cubeide_1.10.1/stm32cubeide/plugins/com.st.stm32cube.ide.mcu.externaltools.gnu-tools-for-stm32.10.3-2021.10.win32_1.0.0.202111181127/tools/bin/../lib/gcc/arm-none-eabi/10.3.1/../../../../arm-none-eabi/lib/thumb/v6-m/nofp\libc_nano.a
LOAD c:/users/elanur/stm32cubeide_1.10.1/stm32cubeide/plugins/com.st.stm32cube.ide.mcu.externaltools.gnu-tools-for-stm32.10.3-2021.10.win32_1.0.0.202111181127/tools/bin/../lib/gcc/arm-none-eabi/10.3.1/../../../../arm-none-eabi/lib/thumb/v6-m/nofp\libnosys.a
END GROUP
LOAD c:/users/elanur/stm32cubeide_1.10.1/stm32cubeide/plugins/com.st.stm32cube.ide.mcu.externaltools.gnu-tools-for-stm32.10.3-2021.10.win32_1.0.0.202111181127/tools/bin/../lib/gcc/arm-none-eabi/10.3.1/thumb/v6-m/nofp/crtend.o
LOAD c:/users/elanur/stm32cubeide_1.10.1/stm32cubeide/plugins/com.st.stm32cube.ide.mcu.externaltools.gnu-tools-for-stm32.10.3-2021.10.win32_1.0.0.202111181127/tools/bin/../lib/gcc/arm-none-eabi/10.3.1/thumb/v6-m/nofp/crtn.o
                0x0000000020004000                _estack = (ORIGIN (RAM) + LENGTH (RAM))
                0x0000000000000200                _Min_Heap_Size = 0x200
                0x0000000000000400                _Min_Stack_Size = 0x400

.isr_vector     0x0000000008000000       0xc0
                0x0000000008000000                . = ALIGN (0x4)
 *(.isr_vector)
 .isr_vector    0x0000000008000000       0xc0 ./Core/Startup/startup_stm32f070rbtx.o
                0x0000000008000000                g_pfnVectors
                0x00000000080000c0                . = ALIGN (0x4)

.text           0x00000000080000c0     0x2970
                0x00000000080000c0                . = ALIGN (0x4)
 *(.text)
 .text          0x00000000080000c0       0x48 c:/users/elanur/stm32cubeide_1.10.1/stm32cubeide/plugins/com.st.stm32cube.ide.mcu.externaltools.gnu-tools-for-stm32.10.3-2021.10.win32_1.0.0.202111181127/tools/bin/../lib/gcc/arm-none-eabi/10.3.1/thumb/v6-m/nofp/crtbegin.o
 .text          0x0000000008000108      0x114 c:/users/elanur/stm32cubeide_1.10.1/stm32cubeide/plugins/com.st.stm32cube.ide.mcu.externaltools.gnu-tools-for-stm32.10.3-2021.10.win32_1.0.0.202111181127/tools/bin/../lib/gcc/arm-none-eabi/10.3.1/thumb/v6-m/nofp\libgcc.a(_udivsi3.o)
                0x0000000008000108                __aeabi_uidiv
                0x0000000008000108                __udivsi3
                0x0000000008000214                __aeabi_uidivmod
 .text          0x000000000800021c        0x4 c:/users/elanur/stm32cubeide_1.10.1/stm32cubeide/plugins/com.st.stm32cube.ide.mcu.externaltools.gnu-tools-for-stm32.10.3-2021.10.win32_1.0.0.202111181127/tools/bin/../lib/gcc/arm-none-eabi/10.3.1/thumb/v6-m/nofp\libgcc.a(_dvmd_tls.o)
                0x000000000800021c                __aeabi_idiv0
                0x000000000800021c                __aeabi_ldiv0
 *(.text*)
 .text.Calculations
                0x0000000008000220       0x6c ./Core/Src/A01NYUB.o
                0x0000000008000220                Calculations
 .text.HAL_UART_RxCpltCallback
                0x000000000800028c       0x34 ./Core/Src/main.o
                0x000000000800028c                HAL_UART_RxCpltCallback
 .text.main     0x00000000080002c0       0x38 ./Core/Src/main.o
                0x00000000080002c0                main
 .text.SystemClock_Config
                0x00000000080002f8       0xc2 ./Core/Src/main.o
                0x00000000080002f8                SystemClock_Config
 *fill*         0x00000000080003ba        0x2 
 .text.MX_USART1_UART_Init
                0x00000000080003bc       0x60 ./Core/Src/main.o
 .text.MX_GPIO_Init
                0x000000000800041c       0x30 ./Core/Src/main.o
 .text.Error_Handler
                0x000000000800044c        0xa ./Core/Src/main.o
                0x000000000800044c                Error_Handler
 *fill*         0x0000000008000456        0x2 
 .text.HAL_MspInit
                0x0000000008000458       0x48 ./Core/Src/stm32f0xx_hal_msp.o
                0x0000000008000458                HAL_MspInit
 .text.HAL_UART_MspInit
                0x00000000080004a0       0xac ./Core/Src/stm32f0xx_hal_msp.o
                0x00000000080004a0                HAL_UART_MspInit
 .text.NMI_Handler
                0x000000000800054c        0x6 ./Core/Src/stm32f0xx_it.o
                0x000000000800054c                NMI_Handler
 .text.HardFault_Handler
                0x0000000008000552        0x6 ./Core/Src/stm32f0xx_it.o
                0x0000000008000552                HardFault_Handler
 .text.SVC_Handler
                0x0000000008000558        0xa ./Core/Src/stm32f0xx_it.o
                0x0000000008000558                SVC_Handler
 .text.PendSV_Handler
                0x0000000008000562        0xa ./Core/Src/stm32f0xx_it.o
                0x0000000008000562                PendSV_Handler
 .text.SysTick_Handler
                0x000000000800056c        0xe ./Core/Src/stm32f0xx_it.o
                0x000000000800056c                SysTick_Handler
 *fill*         0x000000000800057a        0x2 
 .text.USART1_IRQHandler
                0x000000000800057c       0x18 ./Core/Src/stm32f0xx_it.o
                0x000000000800057c                USART1_IRQHandler
 .text.SystemInit
                0x0000000008000594        0xa ./Core/Src/system_stm32f0xx.o
                0x0000000008000594                SystemInit
 *fill*         0x000000000800059e        0x2 
 .text.Reset_Handler
                0x00000000080005a0       0x50 ./Core/Startup/startup_stm32f070rbtx.o
                0x00000000080005a0                Reset_Handler
 .text.Default_Handler
                0x00000000080005f0        0x2 ./Core/Startup/startup_stm32f070rbtx.o
                0x00000000080005f0                TIM1_CC_IRQHandler
                0x00000000080005f0                TIM6_IRQHandler
                0x00000000080005f0                I2C1_IRQHandler
                0x00000000080005f0                SPI1_IRQHandler
                0x00000000080005f0                USART3_4_IRQHandler
                0x00000000080005f0                EXTI2_3_IRQHandler
                0x00000000080005f0                ADC1_IRQHandler
                0x00000000080005f0                I2C2_IRQHandler
                0x00000000080005f0                TIM17_IRQHandler
                0x00000000080005f0                RTC_IRQHandler
                0x00000000080005f0                TIM16_IRQHandler
                0x00000000080005f0                TIM3_IRQHandler
                0x00000000080005f0                EXTI4_15_IRQHandler
                0x00000000080005f0                RCC_IRQHandler
                0x00000000080005f0                DMA1_Channel1_IRQHandler
                0x00000000080005f0                Default_Handler
                0x00000000080005f0                TIM14_IRQHandler
                0x00000000080005f0                DMA1_Channel4_5_IRQHandler
                0x00000000080005f0                TIM7_IRQHandler
                0x00000000080005f0                TIM15_IRQHandler
                0x00000000080005f0                EXTI0_1_IRQHandler
                0x00000000080005f0                USB_IRQHandler
                0x00000000080005f0                SPI2_IRQHandler
                0x00000000080005f0                WWDG_IRQHandler
                0x00000000080005f0                DMA1_Channel2_3_IRQHandler
                0x00000000080005f0                USART2_IRQHandler
                0x00000000080005f0                FLASH_IRQHandler
                0x00000000080005f0                TIM1_BRK_UP_TRG_COM_IRQHandler
 *fill*         0x00000000080005f2        0x2 
 .text.HAL_Init
                0x00000000080005f4       0x28 ./Drivers/STM32F0xx_HAL_Driver/Src/stm32f0xx_hal.o
                0x00000000080005f4                HAL_Init
 .text.HAL_InitTick
                0x000000000800061c       0x68 ./Drivers/STM32F0xx_HAL_Driver/Src/stm32f0xx_hal.o
                0x000000000800061c                HAL_InitTick
 .text.HAL_IncTick
                0x0000000008000684       0x24 ./Drivers/STM32F0xx_HAL_Driver/Src/stm32f0xx_hal.o
                0x0000000008000684                HAL_IncTick
 .text.HAL_GetTick
                0x00000000080006a8       0x14 ./Drivers/STM32F0xx_HAL_Driver/Src/stm32f0xx_hal.o
                0x00000000080006a8                HAL_GetTick
 .text.__NVIC_EnableIRQ
                0x00000000080006bc       0x34 ./Drivers/STM32F0xx_HAL_Driver/Src/stm32f0xx_hal_cortex.o
 .text.__NVIC_SetPriority
                0x00000000080006f0       0xdc ./Drivers/STM32F0xx_HAL_Driver/Src/stm32f0xx_hal_cortex.o
 .text.SysTick_Config
                0x00000000080007cc       0x48 ./Drivers/STM32F0xx_HAL_Driver/Src/stm32f0xx_hal_cortex.o
 .text.HAL_NVIC_SetPriority
                0x0000000008000814       0x2a ./Drivers/STM32F0xx_HAL_Driver/Src/stm32f0xx_hal_cortex.o
                0x0000000008000814                HAL_NVIC_SetPriority
 .text.HAL_NVIC_EnableIRQ
                0x000000000800083e       0x20 ./Drivers/STM32F0xx_HAL_Driver/Src/stm32f0xx_hal_cortex.o
                0x000000000800083e                HAL_NVIC_EnableIRQ
 .text.HAL_SYSTICK_Config
                0x000000000800085e       0x1a ./Drivers/STM32F0xx_HAL_Driver/Src/stm32f0xx_hal_cortex.o
                0x000000000800085e                HAL_SYSTICK_Config
 .text.HAL_DMA_Abort
                0x0000000008000878       0x70 ./Drivers/STM32F0xx_HAL_Driver/Src/stm32f0xx_hal_dma.o
                0x0000000008000878                HAL_DMA_Abort
 .text.HAL_DMA_Abort_IT
                0x00000000080008e8       0x8a ./Drivers/STM32F0xx_HAL_Driver/Src/stm32f0xx_hal_dma.o
                0x00000000080008e8                HAL_DMA_Abort_IT
 *fill*         0x0000000008000972        0x2 
 .text.HAL_GPIO_Init
                0x0000000008000974      0x2e0 ./Drivers/STM32F0xx_HAL_Driver/Src/stm32f0xx_hal_gpio.o
                0x0000000008000974                HAL_GPIO_Init
 .text.HAL_RCC_OscConfig
                0x0000000008000c54      0x63c ./Drivers/STM32F0xx_HAL_Driver/Src/stm32f0xx_hal_rcc.o
                0x0000000008000c54                HAL_RCC_OscConfig
 .text.HAL_RCC_ClockConfig
                0x0000000008001290      0x19c ./Drivers/STM32F0xx_HAL_Driver/Src/stm32f0xx_hal_rcc.o
                0x0000000008001290                HAL_RCC_ClockConfig
 .text.HAL_RCC_GetSysClockFreq
                0x000000000800142c       0xcc ./Drivers/STM32F0xx_HAL_Driver/Src/stm32f0xx_hal_rcc.o
                0x000000000800142c                HAL_RCC_GetSysClockFreq
 .text.HAL_RCC_GetHCLKFreq
                0x00000000080014f8       0x14 ./Drivers/STM32F0xx_HAL_Driver/Src/stm32f0xx_hal_rcc.o
                0x00000000080014f8                HAL_RCC_GetHCLKFreq
 .text.HAL_RCC_GetPCLK1Freq
                0x000000000800150c       0x2c ./Drivers/STM32F0xx_HAL_Driver/Src/stm32f0xx_hal_rcc.o
                0x000000000800150c                HAL_RCC_GetPCLK1Freq
 .text.HAL_RCCEx_PeriphCLKConfig
                0x0000000008001538      0x1bc ./Drivers/STM32F0xx_HAL_Driver/Src/stm32f0xx_hal_rcc_ex.o
                0x0000000008001538                HAL_RCCEx_PeriphCLKConfig
 .text.HAL_UART_Init
                0x00000000080016f4       0xa8 ./Drivers/STM32F0xx_HAL_Driver/Src/stm32f0xx_hal_uart.o
                0x00000000080016f4                HAL_UART_Init
 .text.HAL_UART_Receive_IT
                0x000000000800179c       0xc2 ./Drivers/STM32F0xx_HAL_Driver/Src/stm32f0xx_hal_uart.o
                0x000000000800179c                HAL_UART_Receive_IT
 *fill*         0x000000000800185e        0x2 
 .text.HAL_UART_IRQHandler
                0x0000000008001860      0x580 ./Drivers/STM32F0xx_HAL_Driver/Src/stm32f0xx_hal_uart.o
                0x0000000008001860                HAL_UART_IRQHandler
 .text.HAL_UART_TxCpltCallback
                0x0000000008001de0       0x10 ./Drivers/STM32F0xx_HAL_Driver/Src/stm32f0xx_hal_uart.o
                0x0000000008001de0                HAL_UART_TxCpltCallback
 .text.HAL_UART_ErrorCallback
                0x0000000008001df0       0x10 ./Drivers/STM32F0xx_HAL_Driver/Src/stm32f0xx_hal_uart.o
                0x0000000008001df0                HAL_UART_ErrorCallback
 .text.HAL_UARTEx_RxEventCallback
                0x0000000008001e00       0x16 ./Drivers/STM32F0xx_HAL_Driver/Src/stm32f0xx_hal_uart.o
                0x0000000008001e00                HAL_UARTEx_RxEventCallback
 *fill*         0x0000000008001e16        0x2 
 .text.UART_SetConfig
                0x0000000008001e18      0x2b0 ./Drivers/STM32F0xx_HAL_Driver/Src/stm32f0xx_hal_uart.o
                0x0000000008001e18                UART_SetConfig
 .text.UART_AdvFeatureConfig
                0x00000000080020c8      0x168 ./Drivers/STM32F0xx_HAL_Driver/Src/stm32f0xx_hal_uart.o
                0x00000000080020c8                UART_AdvFeatureConfig
 .text.UART_CheckIdleState
                0x0000000008002230       0x90 ./Drivers/STM32F0xx_HAL_Driver/Src/stm32f0xx_hal_uart.o
                0x0000000008002230                UART_CheckIdleState
 .text.UART_WaitOnFlagUntilTimeout
                0x00000000080022c0      0x188 ./Drivers/STM32F0xx_HAL_Driver/Src/stm32f0xx_hal_uart.o
                0x00000000080022c0                UART_WaitOnFlagUntilTimeout
 .text.UART_Start_Receive_IT
                0x0000000008002448      0x160 ./Drivers/STM32F0xx_HAL_Driver/Src/stm32f0xx_hal_uart.o
                0x0000000008002448                UART_Start_Receive_IT
 .text.UART_EndRxTransfer
                0x00000000080025a8       0xc4 ./Drivers/STM32F0xx_HAL_Driver/Src/stm32f0xx_hal_uart.o
 .text.UART_DMAAbortOnError
                0x000000000800266c       0x2e ./Drivers/STM32F0xx_HAL_Driver/Src/stm32f0xx_hal_uart.o
 .text.UART_EndTransmit_IT
                0x000000000800269a       0x56 ./Drivers/STM32F0xx_HAL_Driver/Src/stm32f0xx_hal_uart.o
 .text.UART_RxISR_8BIT
                0x00000000080026f0      0x168 ./Drivers/STM32F0xx_HAL_Driver/Src/stm32f0xx_hal_uart.o
 .text.UART_RxISR_16BIT
                0x0000000008002858      0x168 ./Drivers/STM32F0xx_HAL_Driver/Src/stm32f0xx_hal_uart.o
 .text.__libc_init_array
                0x00000000080029c0       0x48 c:/users/elanur/stm32cubeide_1.10.1/stm32cubeide/plugins/com.st.stm32cube.ide.mcu.externaltools.gnu-tools-for-stm32.10.3-2021.10.win32_1.0.0.202111181127/tools/bin/../lib/gcc/arm-none-eabi/10.3.1/../../../../arm-none-eabi/lib/thumb/v6-m/nofp\libc_nano.a(lib_a-init.o)
                0x00000000080029c0                __libc_init_array
 .text.memset   0x0000000008002a08       0x10 c:/users/elanur/stm32cubeide_1.10.1/stm32cubeide/plugins/com.st.stm32cube.ide.mcu.externaltools.gnu-tools-for-stm32.10.3-2021.10.win32_1.0.0.202111181127/tools/bin/../lib/gcc/arm-none-eabi/10.3.1/../../../../arm-none-eabi/lib/thumb/v6-m/nofp\libc_nano.a(lib_a-memset.o)
                0x0000000008002a08                memset
 *(.glue_7)
 .glue_7        0x0000000008002a18        0x0 linker stubs
 *(.glue_7t)
 .glue_7t       0x0000000008002a18        0x0 linker stubs
 *(.eh_frame)
 .eh_frame      0x0000000008002a18        0x0 c:/users/elanur/stm32cubeide_1.10.1/stm32cubeide/plugins/com.st.stm32cube.ide.mcu.externaltools.gnu-tools-for-stm32.10.3-2021.10.win32_1.0.0.202111181127/tools/bin/../lib/gcc/arm-none-eabi/10.3.1/thumb/v6-m/nofp/crtbegin.o
 *(.init)
 .init          0x0000000008002a18        0x4 c:/users/elanur/stm32cubeide_1.10.1/stm32cubeide/plugins/com.st.stm32cube.ide.mcu.externaltools.gnu-tools-for-stm32.10.3-2021.10.win32_1.0.0.202111181127/tools/bin/../lib/gcc/arm-none-eabi/10.3.1/thumb/v6-m/nofp/crti.o
                0x0000000008002a18                _init
 .init          0x0000000008002a1c        0x8 c:/users/elanur/stm32cubeide_1.10.1/stm32cubeide/plugins/com.st.stm32cube.ide.mcu.externaltools.gnu-tools-for-stm32.10.3-2021.10.win32_1.0.0.202111181127/tools/bin/../lib/gcc/arm-none-eabi/10.3.1/thumb/v6-m/nofp/crtn.o
 *(.fini)
 .fini          0x0000000008002a24        0x4 c:/users/elanur/stm32cubeide_1.10.1/stm32cubeide/plugins/com.st.stm32cube.ide.mcu.externaltools.gnu-tools-for-stm32.10.3-2021.10.win32_1.0.0.202111181127/tools/bin/../lib/gcc/arm-none-eabi/10.3.1/thumb/v6-m/nofp/crti.o
                0x0000000008002a24                _fini
 .fini          0x0000000008002a28        0x8 c:/users/elanur/stm32cubeide_1.10.1/stm32cubeide/plugins/com.st.stm32cube.ide.mcu.externaltools.gnu-tools-for-stm32.10.3-2021.10.win32_1.0.0.202111181127/tools/bin/../lib/gcc/arm-none-eabi/10.3.1/thumb/v6-m/nofp/crtn.o
                0x0000000008002a30                . = ALIGN (0x4)
                0x0000000008002a30                _etext = .

.vfp11_veneer   0x0000000008002a30        0x0
 .vfp11_veneer  0x0000000008002a30        0x0 linker stubs

.v4_bx          0x0000000008002a30        0x0
 .v4_bx         0x0000000008002a30        0x0 linker stubs

.iplt           0x0000000008002a30        0x0
 .iplt          0x0000000008002a30        0x0 c:/users/elanur/stm32cubeide_1.10.1/stm32cubeide/plugins/com.st.stm32cube.ide.mcu.externaltools.gnu-tools-for-stm32.10.3-2021.10.win32_1.0.0.202111181127/tools/bin/../lib/gcc/arm-none-eabi/10.3.1/thumb/v6-m/nofp/crtbegin.o

.rodata         0x0000000008002a30       0x38
                0x0000000008002a30                . = ALIGN (0x4)
 *(.rodata)
 .rodata        0x0000000008002a30       0x20 ./Drivers/STM32F0xx_HAL_Driver/Src/stm32f0xx_hal_rcc.o
 *(.rodata*)
 .rodata.AHBPrescTable
                0x0000000008002a50       0x10 ./Core/Src/system_stm32f0xx.o
                0x0000000008002a50                AHBPrescTable
 .rodata.APBPrescTable
                0x0000000008002a60        0x8 ./Core/Src/system_stm32f0xx.o
                0x0000000008002a60                APBPrescTable
                0x0000000008002a68                . = ALIGN (0x4)

.rel.dyn        0x0000000008002a68        0x0
 .rel.iplt      0x0000000008002a68        0x0 c:/users/elanur/stm32cubeide_1.10.1/stm32cubeide/plugins/com.st.stm32cube.ide.mcu.externaltools.gnu-tools-for-stm32.10.3-2021.10.win32_1.0.0.202111181127/tools/bin/../lib/gcc/arm-none-eabi/10.3.1/thumb/v6-m/nofp/crtbegin.o

.ARM.extab      0x0000000008002a68        0x0
                0x0000000008002a68                . = ALIGN (0x4)
 *(.ARM.extab* .gnu.linkonce.armextab.*)
                0x0000000008002a68                . = ALIGN (0x4)

.ARM            0x0000000008002a68        0x0
                0x0000000008002a68                . = ALIGN (0x4)
                0x0000000008002a68                __exidx_start = .
 *(.ARM.exidx*)
                0x0000000008002a68                __exidx_end = .
                0x0000000008002a68                . = ALIGN (0x4)

.preinit_array  0x0000000008002a68        0x0
                0x0000000008002a68                . = ALIGN (0x4)
                0x0000000008002a68                PROVIDE (__preinit_array_start = .)
 *(.preinit_array*)
                0x0000000008002a68                PROVIDE (__preinit_array_end = .)
                0x0000000008002a68                . = ALIGN (0x4)

.init_array     0x0000000008002a68        0x4
                0x0000000008002a68                . = ALIGN (0x4)
                0x0000000008002a68                PROVIDE (__init_array_start = .)
 *(SORT_BY_NAME(.init_array.*))
 *(.init_array*)
 .init_array    0x0000000008002a68        0x4 c:/users/elanur/stm32cubeide_1.10.1/stm32cubeide/plugins/com.st.stm32cube.ide.mcu.externaltools.gnu-tools-for-stm32.10.3-2021.10.win32_1.0.0.202111181127/tools/bin/../lib/gcc/arm-none-eabi/10.3.1/thumb/v6-m/nofp/crtbegin.o
                0x0000000008002a6c                PROVIDE (__init_array_end = .)
                0x0000000008002a6c                . = ALIGN (0x4)

.fini_array     0x0000000008002a6c        0x4
                0x0000000008002a6c                . = ALIGN (0x4)
                [!provide]                        PROVIDE (__fini_array_start = .)
 *(SORT_BY_NAME(.fini_array.*))
 *(.fini_array*)
 .fini_array    0x0000000008002a6c        0x4 c:/users/elanur/stm32cubeide_1.10.1/stm32cubeide/plugins/com.st.stm32cube.ide.mcu.externaltools.gnu-tools-for-stm32.10.3-2021.10.win32_1.0.0.202111181127/tools/bin/../lib/gcc/arm-none-eabi/10.3.1/thumb/v6-m/nofp/crtbegin.o
                [!provide]                        PROVIDE (__fini_array_end = .)
                0x0000000008002a70                . = ALIGN (0x4)
                0x0000000008002a70                _sidata = LOADADDR (.data)

.data           0x0000000020000000        0xc load address 0x0000000008002a70
                0x0000000020000000                . = ALIGN (0x4)
                0x0000000020000000                _sdata = .
 *(.data)
 *(.data*)
 .data.SystemCoreClock
                0x0000000020000000        0x4 ./Core/Src/system_stm32f0xx.o
                0x0000000020000000                SystemCoreClock
 .data.uwTickPrio
                0x0000000020000004        0x4 ./Drivers/STM32F0xx_HAL_Driver/Src/stm32f0xx_hal.o
                0x0000000020000004                uwTickPrio
 .data.uwTickFreq
                0x0000000020000008        0x1 ./Drivers/STM32F0xx_HAL_Driver/Src/stm32f0xx_hal.o
                0x0000000020000008                uwTickFreq
 *(.RamFunc)
 *(.RamFunc*)
                0x000000002000000c                . = ALIGN (0x4)
 *fill*         0x0000000020000009        0x3 
                0x000000002000000c                _edata = .

.igot.plt       0x000000002000000c        0x0 load address 0x0000000008002a7c
 .igot.plt      0x000000002000000c        0x0 c:/users/elanur/stm32cubeide_1.10.1/stm32cubeide/plugins/com.st.stm32cube.ide.mcu.externaltools.gnu-tools-for-stm32.10.3-2021.10.win32_1.0.0.202111181127/tools/bin/../lib/gcc/arm-none-eabi/10.3.1/thumb/v6-m/nofp/crtbegin.o
                0x000000002000000c                . = ALIGN (0x4)

.bss            0x000000002000000c       0xac load address 0x0000000008002a7c
                0x000000002000000c                _sbss = .
                0x000000002000000c                __bss_start__ = _sbss
 *(.bss)
 .bss           0x000000002000000c       0x1c c:/users/elanur/stm32cubeide_1.10.1/stm32cubeide/plugins/com.st.stm32cube.ide.mcu.externaltools.gnu-tools-for-stm32.10.3-2021.10.win32_1.0.0.202111181127/tools/bin/../lib/gcc/arm-none-eabi/10.3.1/thumb/v6-m/nofp/crtbegin.o
 *(.bss*)
 .bss.rxData    0x0000000020000028        0x4 ./Core/Src/A01NYUB.o
                0x0000000020000028                rxData
 .bss.dist      0x000000002000002c        0x4 ./Core/Src/A01NYUB.o
                0x000000002000002c                dist
 .bss.huart1    0x0000000020000030       0x84 ./Core/Src/main.o
                0x0000000020000030                huart1
 .bss.uwTick    0x00000000200000b4        0x4 ./Drivers/STM32F0xx_HAL_Driver/Src/stm32f0xx_hal.o
                0x00000000200000b4                uwTick
 *(COMMON)
                0x00000000200000b8                . = ALIGN (0x4)
                0x00000000200000b8                _ebss = .
                0x00000000200000b8                __bss_end__ = _ebss

._user_heap_stack
                0x00000000200000b8      0x600 load address 0x0000000008002a7c
                0x00000000200000b8                . = ALIGN (0x8)
                [!provide]                        PROVIDE (end = .)
                0x00000000200000b8                PROVIDE (_end = .)
                0x00000000200002b8                . = (. + _Min_Heap_Size)
 *fill*         0x00000000200000b8      0x200 
                0x00000000200006b8                . = (. + _Min_Stack_Size)
 *fill*         0x00000000200002b8      0x400 
                0x00000000200006b8                . = ALIGN (0x8)

/DISCARD/
 libc.a(*)
 libm.a(*)
 libgcc.a(*)

.ARM.attributes
                0x0000000000000000       0x28
 *(.ARM.attributes)
 .ARM.attributes
                0x0000000000000000       0x1e c:/users/elanur/stm32cubeide_1.10.1/stm32cubeide/plugins/com.st.stm32cube.ide.mcu.externaltools.gnu-tools-for-stm32.10.3-2021.10.win32_1.0.0.202111181127/tools/bin/../lib/gcc/arm-none-eabi/10.3.1/thumb/v6-m/nofp/crti.o
 .ARM.attributes
                0x000000000000001e       0x2c c:/users/elanur/stm32cubeide_1.10.1/stm32cubeide/plugins/com.st.stm32cube.ide.mcu.externaltools.gnu-tools-for-stm32.10.3-2021.10.win32_1.0.0.202111181127/tools/bin/../lib/gcc/arm-none-eabi/10.3.1/thumb/v6-m/nofp/crtbegin.o
 .ARM.attributes
                0x000000000000004a       0x2c ./Core/Src/A01NYUB.o
 .ARM.attributes
                0x0000000000000076       0x2c ./Core/Src/main.o
 .ARM.attributes
                0x00000000000000a2       0x2c ./Core/Src/stm32f0xx_hal_msp.o
 .ARM.attributes
                0x00000000000000ce       0x2c ./Core/Src/stm32f0xx_it.o
 .ARM.attributes
                0x00000000000000fa       0x2c ./Core/Src/system_stm32f0xx.o
 .ARM.attributes
                0x0000000000000126       0x21 ./Core/Startup/startup_stm32f070rbtx.o
 .ARM.attributes
                0x0000000000000147       0x2c ./Drivers/STM32F0xx_HAL_Driver/Src/stm32f0xx_hal.o
 .ARM.attributes
                0x0000000000000173       0x2c ./Drivers/STM32F0xx_HAL_Driver/Src/stm32f0xx_hal_cortex.o
 .ARM.attributes
                0x000000000000019f       0x2c ./Drivers/STM32F0xx_HAL_Driver/Src/stm32f0xx_hal_dma.o
 .ARM.attributes
                0x00000000000001cb       0x2c ./Drivers/STM32F0xx_HAL_Driver/Src/stm32f0xx_hal_gpio.o
 .ARM.attributes
                0x00000000000001f7       0x2c ./Drivers/STM32F0xx_HAL_Driver/Src/stm32f0xx_hal_rcc.o
 .ARM.attributes
                0x0000000000000223       0x2c ./Drivers/STM32F0xx_HAL_Driver/Src/stm32f0xx_hal_rcc_ex.o
 .ARM.attributes
                0x000000000000024f       0x2c ./Drivers/STM32F0xx_HAL_Driver/Src/stm32f0xx_hal_uart.o
 .ARM.attributes
                0x000000000000027b       0x2c c:/users/elanur/stm32cubeide_1.10.1/stm32cubeide/plugins/com.st.stm32cube.ide.mcu.externaltools.gnu-tools-for-stm32.10.3-2021.10.win32_1.0.0.202111181127/tools/bin/../lib/gcc/arm-none-eabi/10.3.1/../../../../arm-none-eabi/lib/thumb/v6-m/nofp\libc_nano.a(lib_a-init.o)
 .ARM.attributes
                0x00000000000002a7       0x2c c:/users/elanur/stm32cubeide_1.10.1/stm32cubeide/plugins/com.st.stm32cube.ide.mcu.externaltools.gnu-tools-for-stm32.10.3-2021.10.win32_1.0.0.202111181127/tools/bin/../lib/gcc/arm-none-eabi/10.3.1/../../../../arm-none-eabi/lib/thumb/v6-m/nofp\libc_nano.a(lib_a-memset.o)
 .ARM.attributes
                0x00000000000002d3       0x1e c:/users/elanur/stm32cubeide_1.10.1/stm32cubeide/plugins/com.st.stm32cube.ide.mcu.externaltools.gnu-tools-for-stm32.10.3-2021.10.win32_1.0.0.202111181127/tools/bin/../lib/gcc/arm-none-eabi/10.3.1/thumb/v6-m/nofp\libgcc.a(_udivsi3.o)
 .ARM.attributes
                0x00000000000002f1       0x1e c:/users/elanur/stm32cubeide_1.10.1/stm32cubeide/plugins/com.st.stm32cube.ide.mcu.externaltools.gnu-tools-for-stm32.10.3-2021.10.win32_1.0.0.202111181127/tools/bin/../lib/gcc/arm-none-eabi/10.3.1/thumb/v6-m/nofp\libgcc.a(_dvmd_tls.o)
 .ARM.attributes
                0x000000000000030f       0x1e c:/users/elanur/stm32cubeide_1.10.1/stm32cubeide/plugins/com.st.stm32cube.ide.mcu.externaltools.gnu-tools-for-stm32.10.3-2021.10.win32_1.0.0.202111181127/tools/bin/../lib/gcc/arm-none-eabi/10.3.1/thumb/v6-m/nofp/crtn.o
OUTPUT(Ultrasonic-Distance-Sensor-A01NYUB.elf elf32-littlearm)
LOAD linker stubs
LOAD c:/users/elanur/stm32cubeide_1.10.1/stm32cubeide/plugins/com.st.stm32cube.ide.mcu.externaltools.gnu-tools-for-stm32.10.3-2021.10.win32_1.0.0.202111181127/tools/bin/../lib/gcc/arm-none-eabi/10.3.1/../../../../arm-none-eabi/lib/thumb/v6-m/nofp\libc.a
LOAD c:/users/elanur/stm32cubeide_1.10.1/stm32cubeide/plugins/com.st.stm32cube.ide.mcu.externaltools.gnu-tools-for-stm32.10.3-2021.10.win32_1.0.0.202111181127/tools/bin/../lib/gcc/arm-none-eabi/10.3.1/../../../../arm-none-eabi/lib/thumb/v6-m/nofp\libm.a
LOAD c:/users/elanur/stm32cubeide_1.10.1/stm32cubeide/plugins/com.st.stm32cube.ide.mcu.externaltools.gnu-tools-for-stm32.10.3-2021.10.win32_1.0.0.202111181127/tools/bin/../lib/gcc/arm-none-eabi/10.3.1/thumb/v6-m/nofp\libgcc.a

.debug_info     0x0000000000000000     0x8258
 .debug_info    0x0000000000000000      0x109 ./Core/Src/A01NYUB.o
 .debug_info    0x0000000000000109      0xa9f ./Core/Src/main.o
 .debug_info    0x0000000000000ba8      0xa4b ./Core/Src/stm32f0xx_hal_msp.o
 .debug_info    0x00000000000015f3      0x6c9 ./Core/Src/stm32f0xx_it.o
 .debug_info    0x0000000000001cbc      0x269 ./Core/Src/system_stm32f0xx.o
 .debug_info    0x0000000000001f25       0x22 ./Core/Startup/startup_stm32f070rbtx.o
 .debug_info    0x0000000000001f47      0x6cd ./Drivers/STM32F0xx_HAL_Driver/Src/stm32f0xx_hal.o
 .debug_info    0x0000000000002614      0x70b ./Drivers/STM32F0xx_HAL_Driver/Src/stm32f0xx_hal_cortex.o
 .debug_info    0x0000000000002d1f      0x752 ./Drivers/STM32F0xx_HAL_Driver/Src/stm32f0xx_hal_dma.o
 .debug_info    0x0000000000003471      0x614 ./Drivers/STM32F0xx_HAL_Driver/Src/stm32f0xx_hal_gpio.o
 .debug_info    0x0000000000003a85      0x888 ./Drivers/STM32F0xx_HAL_Driver/Src/stm32f0xx_hal_rcc.o
 .debug_info    0x000000000000430d      0x3b9 ./Drivers/STM32F0xx_HAL_Driver/Src/stm32f0xx_hal_rcc_ex.o
 .debug_info    0x00000000000046c6     0x3b92 ./Drivers/STM32F0xx_HAL_Driver/Src/stm32f0xx_hal_uart.o

.debug_abbrev   0x0000000000000000     0x162d
 .debug_abbrev  0x0000000000000000       0x8e ./Core/Src/A01NYUB.o
 .debug_abbrev  0x000000000000008e      0x24d ./Core/Src/main.o
 .debug_abbrev  0x00000000000002db      0x1b2 ./Core/Src/stm32f0xx_hal_msp.o
 .debug_abbrev  0x000000000000048d      0x170 ./Core/Src/stm32f0xx_it.o
 .debug_abbrev  0x00000000000005fd      0x116 ./Core/Src/system_stm32f0xx.o
 .debug_abbrev  0x0000000000000713       0x12 ./Core/Startup/startup_stm32f070rbtx.o
 .debug_abbrev  0x0000000000000725      0x23f ./Drivers/STM32F0xx_HAL_Driver/Src/stm32f0xx_hal.o
 .debug_abbrev  0x0000000000000964      0x283 ./Drivers/STM32F0xx_HAL_Driver/Src/stm32f0xx_hal_cortex.o
 .debug_abbrev  0x0000000000000be7      0x1e9 ./Drivers/STM32F0xx_HAL_Driver/Src/stm32f0xx_hal_dma.o
 .debug_abbrev  0x0000000000000dd0      0x1bb ./Drivers/STM32F0xx_HAL_Driver/Src/stm32f0xx_hal_gpio.o
 .debug_abbrev  0x0000000000000f8b      0x283 ./Drivers/STM32F0xx_HAL_Driver/Src/stm32f0xx_hal_rcc.o
 .debug_abbrev  0x000000000000120e      0x169 ./Drivers/STM32F0xx_HAL_Driver/Src/stm32f0xx_hal_rcc_ex.o
 .debug_abbrev  0x0000000000001377      0x2b6 ./Drivers/STM32F0xx_HAL_Driver/Src/stm32f0xx_hal_uart.o

.debug_aranges  0x0000000000000000      0x668
 .debug_aranges
                0x0000000000000000       0x20 ./Core/Src/A01NYUB.o
 .debug_aranges
                0x0000000000000020       0x48 ./Core/Src/main.o
 .debug_aranges
                0x0000000000000068       0x30 ./Core/Src/stm32f0xx_hal_msp.o
 .debug_aranges
                0x0000000000000098       0x48 ./Core/Src/stm32f0xx_it.o
 .debug_aranges
                0x00000000000000e0       0x28 ./Core/Src/system_stm32f0xx.o
 .debug_aranges
                0x0000000000000108       0x28 ./Core/Startup/startup_stm32f070rbtx.o
 .debug_aranges
                0x0000000000000130       0xd0 ./Drivers/STM32F0xx_HAL_Driver/Src/stm32f0xx_hal.o
 .debug_aranges
                0x0000000000000200       0xc0 ./Drivers/STM32F0xx_HAL_Driver/Src/stm32f0xx_hal_cortex.o
 .debug_aranges
                0x00000000000002c0       0x88 ./Drivers/STM32F0xx_HAL_Driver/Src/stm32f0xx_hal_dma.o
 .debug_aranges
                0x0000000000000348       0x58 ./Drivers/STM32F0xx_HAL_Driver/Src/stm32f0xx_hal_gpio.o
 .debug_aranges
                0x00000000000003a0       0x80 ./Drivers/STM32F0xx_HAL_Driver/Src/stm32f0xx_hal_rcc.o
 .debug_aranges
                0x0000000000000420       0x30 ./Drivers/STM32F0xx_HAL_Driver/Src/stm32f0xx_hal_rcc_ex.o
 .debug_aranges
                0x0000000000000450      0x218 ./Drivers/STM32F0xx_HAL_Driver/Src/stm32f0xx_hal_uart.o

.debug_ranges   0x0000000000000000      0x5d0
 .debug_ranges  0x0000000000000000       0x10 ./Core/Src/A01NYUB.o
 .debug_ranges  0x0000000000000010       0x38 ./Core/Src/main.o
 .debug_ranges  0x0000000000000048       0x20 ./Core/Src/stm32f0xx_hal_msp.o
 .debug_ranges  0x0000000000000068       0x38 ./Core/Src/stm32f0xx_it.o
 .debug_ranges  0x00000000000000a0       0x18 ./Core/Src/system_stm32f0xx.o
 .debug_ranges  0x00000000000000b8       0x20 ./Core/Startup/startup_stm32f070rbtx.o
 .debug_ranges  0x00000000000000d8       0xc0 ./Drivers/STM32F0xx_HAL_Driver/Src/stm32f0xx_hal.o
 .debug_ranges  0x0000000000000198       0xb0 ./Drivers/STM32F0xx_HAL_Driver/Src/stm32f0xx_hal_cortex.o
 .debug_ranges  0x0000000000000248       0x78 ./Drivers/STM32F0xx_HAL_Driver/Src/stm32f0xx_hal_dma.o
 .debug_ranges  0x00000000000002c0       0x48 ./Drivers/STM32F0xx_HAL_Driver/Src/stm32f0xx_hal_gpio.o
 .debug_ranges  0x0000000000000308       0x70 ./Drivers/STM32F0xx_HAL_Driver/Src/stm32f0xx_hal_rcc.o
 .debug_ranges  0x0000000000000378       0x20 ./Drivers/STM32F0xx_HAL_Driver/Src/stm32f0xx_hal_rcc_ex.o
 .debug_ranges  0x0000000000000398      0x238 ./Drivers/STM32F0xx_HAL_Driver/Src/stm32f0xx_hal_uart.o

.debug_macro    0x0000000000000000     0xf53e
 .debug_macro   0x0000000000000000       0x6d ./Core/Src/A01NYUB.o
 .debug_macro   0x000000000000006d      0xa4e ./Core/Src/A01NYUB.o
 .debug_macro   0x0000000000000abb       0x22 ./Core/Src/A01NYUB.o
 .debug_macro   0x0000000000000add       0x8e ./Core/Src/A01NYUB.o
 .debug_macro   0x0000000000000b6b       0x51 ./Core/Src/A01NYUB.o
 .debug_macro   0x0000000000000bbc      0x103 ./Core/Src/A01NYUB.o
 .debug_macro   0x0000000000000cbf       0x6a ./Core/Src/A01NYUB.o
 .debug_macro   0x0000000000000d29      0x1df ./Core/Src/A01NYUB.o
 .debug_macro   0x0000000000000f08      0x1c2 ./Core/Src/main.o
 .debug_macro   0x00000000000010ca      0x12d ./Core/Src/main.o
 .debug_macro   0x00000000000011f7       0x2e ./Core/Src/main.o
 .debug_macro   0x0000000000001225       0x22 ./Core/Src/main.o
 .debug_macro   0x0000000000001247       0x1c ./Core/Src/main.o
 .debug_macro   0x0000000000001263       0x22 ./Core/Src/main.o
 .debug_macro   0x0000000000001285       0xaf ./Core/Src/main.o
 .debug_macro   0x0000000000001334      0x391 ./Core/Src/main.o
 .debug_macro   0x00000000000016c5     0x7655 ./Core/Src/main.o
 .debug_macro   0x0000000000008d1a       0x66 ./Core/Src/main.o
 .debug_macro   0x0000000000008d80     0x34a6 ./Core/Src/main.o
 .debug_macro   0x000000000000c226      0x174 ./Core/Src/main.o
 .debug_macro   0x000000000000c39a       0x55 ./Core/Src/main.o
 .debug_macro   0x000000000000c3ef      0x924 ./Core/Src/main.o
 .debug_macro   0x000000000000cd13      0x289 ./Core/Src/main.o
 .debug_macro   0x000000000000cf9c      0x1af ./Core/Src/main.o
 .debug_macro   0x000000000000d14b      0x130 ./Core/Src/main.o
 .debug_macro   0x000000000000d27b      0x1a0 ./Core/Src/main.o
 .debug_macro   0x000000000000d41b      0x1f4 ./Core/Src/main.o
 .debug_macro   0x000000000000d60f       0x34 ./Core/Src/main.o
 .debug_macro   0x000000000000d643       0x43 ./Core/Src/main.o
 .debug_macro   0x000000000000d686       0x28 ./Core/Src/main.o
 .debug_macro   0x000000000000d6ae       0xb0 ./Core/Src/main.o
 .debug_macro   0x000000000000d75e      0x217 ./Core/Src/main.o
 .debug_macro   0x000000000000d975      0x22c ./Core/Src/main.o
 .debug_macro   0x000000000000dba1       0x61 ./Core/Src/main.o
 .debug_macro   0x000000000000dc02       0xa5 ./Core/Src/main.o
 .debug_macro   0x000000000000dca7       0x4c ./Core/Src/main.o
 .debug_macro   0x000000000000dcf3       0x49 ./Core/Src/main.o
 .debug_macro   0x000000000000dd3c      0x55f ./Core/Src/main.o
 .debug_macro   0x000000000000e29b       0x44 ./Core/Src/main.o
 .debug_macro   0x000000000000e2df      0x11b ./Core/Src/main.o
 .debug_macro   0x000000000000e3fa      0x1b8 ./Core/Src/stm32f0xx_hal_msp.o
 .debug_macro   0x000000000000e5b2      0x1c2 ./Core/Src/stm32f0xx_it.o
 .debug_macro   0x000000000000e774      0x1ae ./Core/Src/system_stm32f0xx.o
 .debug_macro   0x000000000000e922      0x1d2 ./Drivers/STM32F0xx_HAL_Driver/Src/stm32f0xx_hal.o
 .debug_macro   0x000000000000eaf4      0x1ae ./Drivers/STM32F0xx_HAL_Driver/Src/stm32f0xx_hal_cortex.o
 .debug_macro   0x000000000000eca2      0x1ae ./Drivers/STM32F0xx_HAL_Driver/Src/stm32f0xx_hal_dma.o
 .debug_macro   0x000000000000ee50      0x1b5 ./Drivers/STM32F0xx_HAL_Driver/Src/stm32f0xx_hal_gpio.o
 .debug_macro   0x000000000000f005      0x1c0 ./Drivers/STM32F0xx_HAL_Driver/Src/stm32f0xx_hal_rcc.o
 .debug_macro   0x000000000000f1c5      0x1ae ./Drivers/STM32F0xx_HAL_Driver/Src/stm32f0xx_hal_rcc_ex.o
 .debug_macro   0x000000000000f373      0x1cb ./Drivers/STM32F0xx_HAL_Driver/Src/stm32f0xx_hal_uart.o

.debug_line     0x0000000000000000     0x8e82
 .debug_line    0x0000000000000000      0x400 ./Core/Src/A01NYUB.o
 .debug_line    0x0000000000000400      0x7d2 ./Core/Src/main.o
 .debug_line    0x0000000000000bd2      0x71e ./Core/Src/stm32f0xx_hal_msp.o
 .debug_line    0x00000000000012f0      0x74b ./Core/Src/stm32f0xx_it.o
 .debug_line    0x0000000000001a3b      0x743 ./Core/Src/system_stm32f0xx.o
 .debug_line    0x000000000000217e       0x89 ./Core/Startup/startup_stm32f070rbtx.o
 .debug_line    0x0000000000002207      0x949 ./Drivers/STM32F0xx_HAL_Driver/Src/stm32f0xx_hal.o
 .debug_line    0x0000000000002b50      0x9f5 ./Drivers/STM32F0xx_HAL_Driver/Src/stm32f0xx_hal_cortex.o
 .debug_line    0x0000000000003545      0xc65 ./Drivers/STM32F0xx_HAL_Driver/Src/stm32f0xx_hal_dma.o
 .debug_line    0x00000000000041aa      0xac6 ./Drivers/STM32F0xx_HAL_Driver/Src/stm32f0xx_hal_gpio.o
 .debug_line    0x0000000000004c70      0xd3a ./Drivers/STM32F0xx_HAL_Driver/Src/stm32f0xx_hal_rcc.o
 .debug_line    0x00000000000059aa      0x912 ./Drivers/STM32F0xx_HAL_Driver/Src/stm32f0xx_hal_rcc_ex.o
 .debug_line    0x00000000000062bc     0x2bc6 ./Drivers/STM32F0xx_HAL_Driver/Src/stm32f0xx_hal_uart.o

.debug_str      0x0000000000000000    0x5cad3
 .debug_str     0x0000000000000000     0x3a0f ./Core/Src/A01NYUB.o
                                       0x3b7b (size before relaxing)
 .debug_str     0x0000000000003a0f    0x5798e ./Core/Src/main.o
                                      0x5b635 (size before relaxing)
 .debug_str     0x000000000005b39d      0x256 ./Core/Src/stm32f0xx_hal_msp.o
                                      0x5b5fe (size before relaxing)
 .debug_str     0x000000000005b5f3       0xa8 ./Core/Src/stm32f0xx_it.o
                                      0x5b38f (size before relaxing)
 .debug_str     0x000000000005b69b       0x8b ./Core/Src/system_stm32f0xx.o
                                      0x5afb4 (size before relaxing)
 .debug_str     0x000000000005b726       0x36 ./Core/Startup/startup_stm32f070rbtx.o
                                         0x8d (size before relaxing)
 .debug_str     0x000000000005b75c      0x384 ./Drivers/STM32F0xx_HAL_Driver/Src/stm32f0xx_hal.o
                                      0x5b566 (size before relaxing)
 .debug_str     0x000000000005bae0      0x197 ./Drivers/STM32F0xx_HAL_Driver/Src/stm32f0xx_hal_cortex.o
                                      0x5b357 (size before relaxing)
 .debug_str     0x000000000005bc77      0x24d ./Drivers/STM32F0xx_HAL_Driver/Src/stm32f0xx_hal_dma.o
                                      0x5b35a (size before relaxing)
 .debug_str     0x000000000005bec4      0x14f ./Drivers/STM32F0xx_HAL_Driver/Src/stm32f0xx_hal_gpio.o
                                      0x5b155 (size before relaxing)
 .debug_str     0x000000000005c013      0x21a ./Drivers/STM32F0xx_HAL_Driver/Src/stm32f0xx_hal_rcc.o
                                      0x5b3f0 (size before relaxing)
 .debug_str     0x000000000005c22d       0x97 ./Drivers/STM32F0xx_HAL_Driver/Src/stm32f0xx_hal_rcc_ex.o
                                      0x5b12e (size before relaxing)
 .debug_str     0x000000000005c2c4      0x80f ./Drivers/STM32F0xx_HAL_Driver/Src/stm32f0xx_hal_uart.o
                                      0x5bca5 (size before relaxing)

.comment        0x0000000000000000       0x50
 .comment       0x0000000000000000       0x50 ./Core/Src/A01NYUB.o
                                         0x51 (size before relaxing)
 .comment       0x0000000000000050       0x51 ./Core/Src/main.o
 .comment       0x0000000000000050       0x51 ./Core/Src/stm32f0xx_hal_msp.o
 .comment       0x0000000000000050       0x51 ./Core/Src/stm32f0xx_it.o
 .comment       0x0000000000000050       0x51 ./Core/Src/system_stm32f0xx.o
 .comment       0x0000000000000050       0x51 ./Drivers/STM32F0xx_HAL_Driver/Src/stm32f0xx_hal.o
 .comment       0x0000000000000050       0x51 ./Drivers/STM32F0xx_HAL_Driver/Src/stm32f0xx_hal_cortex.o
 .comment       0x0000000000000050       0x51 ./Drivers/STM32F0xx_HAL_Driver/Src/stm32f0xx_hal_dma.o
 .comment       0x0000000000000050       0x51 ./Drivers/STM32F0xx_HAL_Driver/Src/stm32f0xx_hal_gpio.o
 .comment       0x0000000000000050       0x51 ./Drivers/STM32F0xx_HAL_Driver/Src/stm32f0xx_hal_rcc.o
 .comment       0x0000000000000050       0x51 ./Drivers/STM32F0xx_HAL_Driver/Src/stm32f0xx_hal_rcc_ex.o
 .comment       0x0000000000000050       0x51 ./Drivers/STM32F0xx_HAL_Driver/Src/stm32f0xx_hal_uart.o

.debug_frame    0x0000000000000000     0x1510
 .debug_frame   0x0000000000000000       0x30 ./Core/Src/A01NYUB.o
 .debug_frame   0x0000000000000030       0xc4 ./Core/Src/main.o
 .debug_frame   0x00000000000000f4       0x70 ./Core/Src/stm32f0xx_hal_msp.o
 .debug_frame   0x0000000000000164       0xb8 ./Core/Src/stm32f0xx_it.o
 .debug_frame   0x000000000000021c       0x4c ./Core/Src/system_stm32f0xx.o
 .debug_frame   0x0000000000000268      0x2a4 ./Drivers/STM32F0xx_HAL_Driver/Src/stm32f0xx_hal.o
 .debug_frame   0x000000000000050c      0x2a0 ./Drivers/STM32F0xx_HAL_Driver/Src/stm32f0xx_hal_cortex.o
 .debug_frame   0x00000000000007ac      0x1d0 ./Drivers/STM32F0xx_HAL_Driver/Src/stm32f0xx_hal_dma.o
 .debug_frame   0x000000000000097c      0x110 ./Drivers/STM32F0xx_HAL_Driver/Src/stm32f0xx_hal_gpio.o
 .debug_frame   0x0000000000000a8c      0x198 ./Drivers/STM32F0xx_HAL_Driver/Src/stm32f0xx_hal_rcc.o
 .debug_frame   0x0000000000000c24       0x70 ./Drivers/STM32F0xx_HAL_Driver/Src/stm32f0xx_hal_rcc_ex.o
 .debug_frame   0x0000000000000c94      0x810 ./Drivers/STM32F0xx_HAL_Driver/Src/stm32f0xx_hal_uart.o
 .debug_frame   0x00000000000014a4       0x2c c:/users/elanur/stm32cubeide_1.10.1/stm32cubeide/plugins/com.st.stm32cube.ide.mcu.externaltools.gnu-tools-for-stm32.10.3-2021.10.win32_1.0.0.202111181127/tools/bin/../lib/gcc/arm-none-eabi/10.3.1/../../../../arm-none-eabi/lib/thumb/v6-m/nofp\libc_nano.a(lib_a-init.o)
 .debug_frame   0x00000000000014d0       0x20 c:/users/elanur/stm32cubeide_1.10.1/stm32cubeide/plugins/com.st.stm32cube.ide.mcu.externaltools.gnu-tools-for-stm32.10.3-2021.10.win32_1.0.0.202111181127/tools/bin/../lib/gcc/arm-none-eabi/10.3.1/../../../../arm-none-eabi/lib/thumb/v6-m/nofp\libc_nano.a(lib_a-memset.o)
 .debug_frame   0x00000000000014f0       0x20 c:/users/elanur/stm32cubeide_1.10.1/stm32cubeide/plugins/com.st.stm32cube.ide.mcu.externaltools.gnu-tools-for-stm32.10.3-2021.10.win32_1.0.0.202111181127/tools/bin/../lib/gcc/arm-none-eabi/10.3.1/thumb/v6-m/nofp\libgcc.a(_udivsi3.o)
